\BOOKMARK [0][-]{chapter.1}{\376\377\000I\000n\000t\000r\000o\000d\000u\000c\000t\000i\000o\000n\000\040\000a\000n\000d\000\040\000C\000o\000n\000t\000e\000x\000t}{}% 1
\BOOKMARK [1][-]{section.1.1}{\376\377\000I\000n\000t\000r\000o\000d\000u\000c\000t\000i\000o\000n}{chapter.1}% 2
\BOOKMARK [1][-]{section.1.2}{\376\377\000M\000o\000t\000i\000v\000a\000t\000i\000o\000n}{chapter.1}% 3
\BOOKMARK [1][-]{section.1.3}{\376\377\000P\000r\000o\000b\000l\000e\000m\000\040\000S\000t\000a\000t\000e\000m\000e\000n\000t}{chapter.1}% 4
\BOOKMARK [1][-]{section.1.4}{\376\377\000O\000b\000j\000e\000c\000t\000i\000v\000e\000s}{chapter.1}% 5
\BOOKMARK [1][-]{section.1.5}{\376\377\000D\000o\000c\000u\000m\000e\000n\000t\000\040\000S\000t\000r\000u\000c\000t\000u\000r\000e}{chapter.1}% 6
\BOOKMARK [0][-]{chapter.2}{\376\377\000S\000t\000a\000t\000e\000\040\000o\000f\000\040\000t\000h\000e\000\040\000A\000r\000t}{}% 7
\BOOKMARK [1][-]{section.2.1}{\376\377\000E\000v\000o\000l\000u\000t\000i\000o\000n\000\040\000o\000f\000\040\000C\000l\000o\000u\000d\000\040\000A\000r\000c\000h\000i\000t\000e\000c\000t\000u\000r\000e\000s}{chapter.2}% 8
\BOOKMARK [2][-]{subsection.2.1.1}{\376\377\000H\000a\000r\000d\000w\000a\000r\000e\000\040\000V\000i\000r\000t\000u\000a\000l\000i\000z\000a\000t\000i\000o\000n}{section.2.1}% 9
\BOOKMARK [2][-]{subsection.2.1.2}{\376\377\000C\000o\000n\000t\000a\000i\000n\000e\000r\000i\000z\000a\000t\000i\000o\000n}{section.2.1}% 10
\BOOKMARK [2][-]{subsection.2.1.3}{\376\377\000S\000e\000r\000v\000e\000r\000l\000e\000s\000s\000\040\000a\000n\000d\000\040\000F\000a\000a\000S}{section.2.1}% 11
\BOOKMARK [1][-]{section.2.2}{\376\377\000T\000h\000e\000\040\000S\000e\000c\000u\000r\000i\000t\000y\000\040\000v\000s\000.\000\040\000S\000p\000e\000e\000d\000\040\000D\000i\000l\000e\000m\000m\000a}{chapter.2}% 12
\BOOKMARK [1][-]{section.2.3}{\376\377\000M\000i\000c\000r\000o\000V\000M\000s\000:\000\040\000B\000r\000i\000d\000g\000i\000n\000g\000\040\000t\000h\000e\000\040\000G\000a\000p}{chapter.2}% 13
\BOOKMARK [2][-]{subsection.2.3.1}{\376\377\000A\000W\000S\000\040\000F\000i\000r\000e\000c\000r\000a\000c\000k\000e\000r}{section.2.3}% 14
\BOOKMARK [2][-]{subsection.2.3.2}{\376\377\000K\000a\000t\000a\000\040\000C\000o\000n\000t\000a\000i\000n\000e\000r\000s}{section.2.3}% 15
\BOOKMARK [1][-]{section.2.4}{\376\377\000A\000d\000d\000r\000e\000s\000s\000i\000n\000g\000\040\000C\000o\000l\000d\000\040\000S\000t\000a\000r\000t\000s\000\040\000i\000n\000\040\000M\000i\000c\000r\000o\000V\000M\000s}{chapter.2}% 16
\BOOKMARK [0][-]{chapter.3}{\376\377\000A\000r\000c\000h\000i\000t\000e\000c\000t\000u\000r\000e\000\040\000a\000n\000d\000\040\000I\000m\000p\000l\000e\000m\000e\000n\000t\000a\000t\000i\000o\000n}{}% 17
\BOOKMARK [1][-]{section.3.1}{\376\377\000S\000y\000s\000t\000e\000m\000\040\000A\000r\000c\000h\000i\000t\000e\000c\000t\000u\000r\000e\000\040\000O\000v\000e\000r\000v\000i\000e\000w}{chapter.3}% 18
\BOOKMARK [1][-]{section.3.2}{\376\377\000C\000o\000m\000p\000o\000n\000e\000n\000t\000\040\000R\000o\000l\000e\000s}{chapter.3}% 19
\BOOKMARK [2][-]{subsection.3.2.1}{\376\377\000C\000o\000n\000t\000a\000i\000n\000e\000r\000d\000\040\000a\000n\000d\000\040\000N\000e\000r\000d\000c\000t\000l}{section.3.2}% 20
\BOOKMARK [2][-]{subsection.3.2.2}{\376\377\000K\000a\000t\000a\000\040\000C\000o\000n\000t\000a\000i\000n\000e\000r\000s\000\040\000a\000n\000d\000\040\000Q\000E\000M\000U}{section.3.2}% 21
\BOOKMARK [1][-]{section.3.3}{\376\377\000I\000m\000p\000l\000e\000m\000e\000n\000t\000i\000n\000g\000\040\000t\000h\000e\000\040\000W\000a\000r\000m\000-\000U\000p\000\040\000S\000t\000r\000a\000t\000e\000g\000y}{chapter.3}% 22
\BOOKMARK [2][-]{subsection.3.3.1}{\376\377\000P\000r\000e\000-\000P\000r\000o\000v\000i\000s\000i\000o\000n\000i\000n\000g}{section.3.3}% 23
\BOOKMARK [2][-]{subsection.3.3.2}{\376\377\000P\000a\000u\000s\000i\000n\000g\000\040\000S\000t\000a\000t\000e}{section.3.3}% 24
\BOOKMARK [2][-]{subsection.3.3.3}{\376\377\000I\000n\000v\000o\000c\000a\000t\000i\000o\000n\000\040\000a\000n\000d\000\040\000U\000n\000p\000a\000u\000s\000i\000n\000g}{section.3.3}% 25
\BOOKMARK [1][-]{section.3.4}{\376\377\000S\000e\000c\000u\000r\000i\000t\000y\000\040\000C\000o\000n\000s\000i\000d\000e\000r\000a\000t\000i\000o\000n\000s}{chapter.3}% 26
\BOOKMARK [0][-]{chapter.4}{\376\377\000B\000e\000n\000c\000h\000m\000a\000r\000k\000s\000\040\000a\000n\000d\000\040\000R\000e\000s\000u\000l\000t\000s}{}% 27
\BOOKMARK [1][-]{section.4.1}{\376\377\000E\000v\000a\000l\000u\000a\000t\000i\000o\000n\000\040\000M\000e\000t\000h\000o\000d\000o\000l\000o\000g\000y}{chapter.4}% 28
\BOOKMARK [1][-]{section.4.2}{\376\377\000I\000n\000v\000o\000c\000a\000t\000i\000o\000n\000\040\000L\000a\000t\000e\000n\000c\000y\000\040\000\050\000S\000t\000a\000r\000t\000u\000p\000\040\000T\000i\000m\000e\000\051}{chapter.4}% 29
\BOOKMARK [1][-]{section.4.3}{\376\377\000M\000e\000m\000o\000r\000y\000\040\000F\000o\000o\000t\000p\000r\000i\000n\000t}{chapter.4}% 30
\BOOKMARK [1][-]{section.4.4}{\376\377\000C\000P\000U\000\040\000U\000t\000i\000l\000i\000z\000a\000t\000i\000o\000n}{chapter.4}% 31
\BOOKMARK [0][-]{chapter.5}{\376\377\000C\000o\000n\000c\000l\000u\000s\000i\000o\000n\000\040\000a\000n\000d\000\040\000F\000u\000t\000u\000r\000e\000\040\000W\000o\000r\000k}{}% 32
\BOOKMARK [1][-]{section.5.1}{\376\377\000C\000o\000n\000c\000l\000u\000s\000i\000o\000n}{chapter.5}% 33
\BOOKMARK [1][-]{section.5.2}{\376\377\000F\000u\000t\000u\000r\000e\000\040\000W\000o\000r\000k}{chapter.5}% 34
